/home/ruigengji/miniforge3/envs/openmm_dev/lib/python3.12/site-packages/e3nn/o3/_wigner.py:10: UserWarning: Environment variable TORCH_FORCE_NO_WEIGHTS_ONLY_LOAD detected, since the`weights_only` argument was not explicitly passed to `torch.load`, forcing weights_only=False.
  _Jd, _W3j_flat, _W3j_indices = torch.load(os.path.join(os.path.dirname(__file__), 'constants.pt'))
/home/ruigengji/miniforge3/envs/openmm_dev/lib/python3.12/site-packages/mace/calculators/mace.py:226: UserWarning: Environment variable TORCH_FORCE_NO_WEIGHTS_ONLY_LOAD detected, since the`weights_only` argument was not explicitly passed to `torch.load`, forcing weights_only=False.
  torch.load(f=model_path, map_location=device)
/home/ruigengji/miniforge3/envs/openmm_dev/lib/python3.12/site-packages/mace/calculators/mace.py:226: UserWarning: Environment variable TORCH_FORCE_NO_WEIGHTS_ONLY_LOAD detected, since the`weights_only` argument was not explicitly passed to `torch.load`, forcing weights_only=False.
  torch.load(f=model_path, map_location=device)

P0 source structure as stored: fmax = 6.594e-01 eV/A   source = analytic
  mode      measured   predicted from g      residual
     0    -3.962e-16          0.000e+00    -3.962e-16  trans
     1     7.753e-02          7.753e-02     8.049e-16  rot
     2     1.658e-16          0.000e+00     1.658e-16  trans
     3     1.535e-02          1.535e-02     3.296e-17  rot
     4     4.901e-16          0.000e+00     4.901e-16  trans
     5     1.773e-02          1.773e-02    -3.816e-16  rot
/home/ruigengji/miniforge3/envs/openmm_dev/lib/python3.12/site-packages/mace/calculators/mace.py:226: UserWarning: Environment variable TORCH_FORCE_NO_WEIGHTS_ONLY_LOAD detected, since the`weights_only` argument was not explicitly passed to `torch.load`, forcing weights_only=False.
  torch.load(f=model_path, map_location=device)

same, relaxed to fmax 1e-4: fmax = 7.259e-05 eV/A   source = analytic
  mode      measured   predicted from g      residual
     0    -4.411e-16          0.000e+00    -4.411e-16  trans
     1    -2.516e-05         -2.516e-05     1.367e-16  rot
     2    -9.484e-17          0.000e+00    -9.484e-17  trans
     3    -4.519e-06         -4.519e-06    -9.246e-17  rot
     4     3.446e-16          0.000e+00     3.446e-16  trans
     5    -4.354e-06         -4.354e-06    -2.873e-16  rot
