
=== A_phenyl_enol ===
  n_atoms                    22
  formula                    C10H10O2
  E_eV                       -14636.76994205335
  fmax                       0.001730719598756536
  t_first_call_s             0.537733661942184
  t_per_point_ms             76.4197011012584
  t_relax_s                  10.521305365022272
  relax_steps                177
  t_hessian_s                4.174279127968475
  n_edges                    22
  n_admissible_bond_orders   2
  bond_order_info            {'reason': None, 'count': 2}
  n_locked_parity            1
  stereo_unresolved          None
  key                        909db28462d72d1b
  graph_hash                 019cb0438e57c86c
  fragments                  ['C10H10O2']
  n_minus                    0
  lambda_lowest              [-0.0, -0.0, 0.0, 0.0, 0.0, 0.0]
  floor_residual             1.825288238697237e-16

=== B_methyl_enol ===
  n_atoms                    22
  formula                    C10H10O2
  E_eV                       -14636.713513588269
  fmax                       0.0011218691943010728
  t_first_call_s             0.06750772392842919
  t_per_point_ms             42.243310500634834
  t_relax_s                  4.41648010793142
  relax_steps                100
  t_hessian_s                4.4020582269877195
  n_edges                    22
  n_admissible_bond_orders   2
  bond_order_info            {'reason': None, 'count': 2}
  n_locked_parity            1
  stereo_unresolved          None
  key                        b1a4338a45f1d300
  graph_hash                 e9d5ad68aa04d88e
  fragments                  ['C10H10O2']
  n_minus                    0
  lambda_lowest              [-0.0, -0.0, 0.0, 0.0, 0.0, 0.0]
  floor_residual             4.2615413422490006e-16

=== K_diketone ===
  n_atoms                    22
  formula                    C10H10O2
  E_eV                       -14637.17934125024
  fmax                       0.0014099761598564686
  t_first_call_s             0.07038569811265916
  t_per_point_ms             42.67011705087498
  t_relax_s                  6.720690125017427
  relax_steps                150
  t_hessian_s                4.500595464953221
  n_edges                    22
  n_admissible_bond_orders   2
  bond_order_info            {'reason': None, 'count': 2}
  n_locked_parity            0
  stereo_unresolved          None
  key                        14c79fa95832acc3
  graph_hash                 a762f393adc95786
  fragments                  ['C10H10O2']
  n_minus                    0
  lambda_lowest              [-0.0, -0.0, -0.0, 0.0, 0.0, 0.0]
  floor_residual             2.3294144426487875e-16

=== identity separation ===
  A_phenyl_enol vs B_methyl_enol
    key differs        True
    graph_hash differs True
    fragments          ['C10H10O2'] / ['C10H10O2']
    classify           reaction
    event_key          {'key': '59aa4b183f926350', 'canonical': (((1, 15, 6, 3), (1, 16, 8, 5)), ((1, 15, 8, 2), (1, 16, 6, 3))), 'endpoint_graphs': ['019cb0438e57c86c', 'e9d5ad68aa04d88e'], 'broken': [[3, 15], [5, 16]], 'formed': [[2, 15], [3, 16]], 'symmetry_enumerated': True}
    dE(y-x)            56.428 meV
  A_phenyl_enol vs K_diketone
    key differs        True
    graph_hash differs True
    fragments          ['C10H10O2'] / ['C10H10O2']
    classify           reaction
    event_key          {'key': '0891f2cdcfc0d431', 'canonical': (((1, 15, 6, 3),), ((1, 15, 8, 5),)), 'endpoint_graphs': ['019cb0438e57c86c', 'a762f393adc95786'], 'broken': [[5, 16]], 'formed': [[3, 16]], 'symmetry_enumerated': True}
    dE(y-x)            -409.399 meV
  B_methyl_enol vs K_diketone
    key differs        True
    graph_hash differs True
    fragments          ['C10H10O2'] / ['C10H10O2']
    classify           reaction
    event_key          {'key': '8651e70034c21164', 'canonical': (((1, 15, 6, 3),), ((1, 15, 8, 2),)), 'endpoint_graphs': ['a762f393adc95786', 'e9d5ad68aa04d88e'], 'broken': [[2, 15]], 'formed': [[3, 15]], 'symmetry_enumerated': True}
    dE(y-x)            -465.828 meV

wrote runs/p3_capability_probe.json
