/home/ruigengji/miniforge3/envs/openmm_dev/lib/python3.12/site-packages/e3nn/o3/_wigner.py:10: UserWarning: Environment variable TORCH_FORCE_NO_WEIGHTS_ONLY_LOAD detected, since the`weights_only` argument was not explicitly passed to `torch.load`, forcing weights_only=False.
  _Jd, _W3j_flat, _W3j_indices = torch.load(os.path.join(os.path.dirname(__file__), 'constants.pt'))
/home/ruigengji/miniforge3/envs/openmm_dev/lib/python3.12/site-packages/mace/calculators/mace.py:226: UserWarning: Environment variable TORCH_FORCE_NO_WEIGHTS_ONLY_LOAD detected, since the`weights_only` argument was not explicitly passed to `torch.load`, forcing weights_only=False.
  torch.load(f=model_path, map_location=device)
minimum fmax = 7.26e-05 eV/A
/home/ruigengji/miniforge3/envs/openmm_dev/lib/python3.12/site-packages/mace/calculators/mace.py:226: UserWarning: Environment variable TORCH_FORCE_NO_WEIGHTS_ONLY_LOAD detected, since the`weights_only` argument was not explicitly passed to `torch.load`, forcing weights_only=False.
  torch.load(f=model_path, map_location=device)

source=analytic     1.62 s   provenance={'source': 'analytic', 'members': 1, 'finite_difference_deviation': 5.194898758329023e-05}
  trivial floor worst = 2.516e-05   gate threshold = 5.000e-04   PASS
  6 lowest physical-ish eigenvalues: [0.21642 0.29237 0.64861 2.44093 3.0434  4.05355]
/home/ruigengji/miniforge3/envs/openmm_dev/lib/python3.12/site-packages/mace/calculators/mace.py:226: UserWarning: Environment variable TORCH_FORCE_NO_WEIGHTS_ONLY_LOAD detected, since the`weights_only` argument was not explicitly passed to `torch.load`, forcing weights_only=False.
  torch.load(f=model_path, map_location=device)

source=fd           2.92 s   provenance={'source': 'fd', 'step_A': 0.01, 'force_evaluations': 54}
  trivial floor worst = 1.211e-03   gate threshold = 5.000e-04   FAIL (closed)
  6 lowest physical-ish eigenvalues: [0.21621 0.29472 0.64778 2.43816 3.04307 4.05096]
/home/ruigengji/miniforge3/envs/openmm_dev/lib/python3.12/site-packages/mace/calculators/mace.py:226: UserWarning: Environment variable TORCH_FORCE_NO_WEIGHTS_ONLY_LOAD detected, since the`weights_only` argument was not explicitly passed to `torch.load`, forcing weights_only=False.
  torch.load(f=model_path, map_location=device)
/home/ruigengji/miniforge3/envs/openmm_dev/lib/python3.12/site-packages/mace/calculators/mace.py:226: UserWarning: Environment variable TORCH_FORCE_NO_WEIGHTS_ONLY_LOAD detected, since the`weights_only` argument was not explicitly passed to `torch.load`, forcing weights_only=False.
  torch.load(f=model_path, map_location=device)

lowest physical mode: lambda = +0.216425
  band regression kappa = +0.216429 +- 3.21e-06   c = +1.742
  significant=True  sign_stable=True  residual_rms=4.36e-06
  kappa - lambda = +4.376e-06
